exports[`Auth matches snapshot 1`] = `
<div
  className="columns">
  <div
    className="column is-half has-text-centered is-offset-3">
    <section
      className="hero">
      <div
        className="hero-body">
        <div
          className="container">
          <h2
            className="title is-3">
            Sign in with your Swarm account to track how
            <br />
            much youâ€˜re spending for each gym visit.
          </h2>
          <p>
            <a
              className="swarm-button is-primary button is-large"
              href="https://foursquare.com/oauth2/authenticate?response_type=token&redirect_uri=about%3A%2F%2F%2Fauth&client_id=CAXF44FNVXCBN4WG1MGDFJBR50OPND3FRVZPILNGRTOB3R4B">
              Sign into Swarm
            </a>
          </p>
        </div>
      </div>
    </section>
  </div>
</div>
`;
